Host: identify-eu-west-1.acrcloud.com
Access Key: d5192ee0...

Generated test file: test_tone.wav

============================================================
TEST 1: data_type = 'audio' (ambient)
============================================================
{
  "status": {
    "msg": "Success",
    "code": 0,
    "version": "1.0"
  },
  "metadata": {
    "music": [
      {
        "title": "Pepas cumbia wepa",
        "album": {
          "name": "Pepas cumbia wepa"
        },
        "release_date": "2021-08-21",
        "acrid": "f5c48d622ee6490cbc71fcb012ce074b",
        "duration_ms": 187000,
        "label": "2623603 Records DK",
        "db_end_time_offset_ms": 14680,
        "sample_begin_time_offset_ms": 0,
        "sample_end_time_offset_ms": 4580,
        "play_offset_ms": 14600,
        "result_from": 3,
        "artists": [
          {
            "name": "DJ Pucho Mastermix"
          }
        ],
        "score": 25,
        "external_ids": {
          "upc": "0196398821652",
          "isrc": "QZMEM2105490"
        },
        "db_begin_time_offset_ms": 10500,
        "external_metadata": {
          "deezer": {
            "track": {
              "id": "1472931832",
              "name": "Pepas cumbia wepa"
            },
            "artists": [
              {
                "id": "12911245",
                "name": "DJ Pucho Mastermix"
              }
            ],
            "album": {
              "name": ""
            }
          },
          "spotify": {
            "track": {
              "id": "0rY3tU0ZJmpYJsYuD8uPIa",
              "name": "Pepas cumbia wepa"
            },
            "artists": [
              {
                "id": "3nrc5JjIe2DHpne2ru8R9M",
                "name": "Dj pucho mastermix"
              }
            ],
            "album": {
              "id": "7GMVgzlwIKTfDcskP4KNSm",
              "name": "Pepas cumbia wepa"
            }
          },
          "youtube": {
            "vid": "L8gGd5fMH14"
          }
        }
      }
    ],
    "timestamp_utc": "2026-04-01 12:33:24"
  },
  "cost_time": 0.31500005722046,
  "result_type": 0
}

============================================================
TEST 2: data_type = 'humming'
============================================================
{
  "result_type": 0,
  "status": {
    "code": 0,
    "msg": "Success",
    "version": "1.0"
  },
  "cost_time": 0.32099986076355,
  "metadata": {
    "timestamp_utc": "2026-04-01 12:33:25",
    "music": [
      {
        "label": "2623603 Records DK",
        "external_ids": {
          "isrc": "QZMEM2105490",
          "upc": "0196398821652"
        },
        "score": 25,
        "artists": [
          {
            "name": "DJ Pucho Mastermix"
          }
        ],
        "db_begin_time_offset_ms": 10500,
        "db_end_time_offset_ms": 14680,
        "release_date": "2021-08-21",
        "sample_end_time_offset_ms": 4580,
        "acrid": "f5c48d622ee6490cbc71fcb012ce074b",
        "result_from": 3,
        "title": "Pepas cumbia wepa",
        "external_metadata": {
          "youtube": {
            "vid": "L8gGd5fMH14"
          },
          "deezer": {
            "track": {
              "id": "1472931832",
              "name": "Pepas cumbia wepa"
            },
            "artists": [
              {
                "name": "DJ Pucho Mastermix",
                "id": "12911245"
              }
            ],
.\venv\Scripts\python : Traceback 
(most recent call last):
At line:1 char:1
+ .\venv\Scripts\python 
test_humming.py > test_output.txt 
2>&1
+ ~~~~~~~~~~~~~~~~~~~~~~~~~~~~~~~~~~~
~~~~~~~~~~~~~~~~~~~~~~~~~
    + CategoryInfo          : NotSpe 
   cified: (Traceback (most recent   
  call last)::String) [], RemoteEx   
 ception
    + FullyQualifiedErrorId : Native 
   CommandError
 
  File "C:\Users\Seline\Documents\mus
ic_recognition_app_backend\test_hummi
ng.py", line 109, in <module>
    print(f"  audio   \u2192 
code={s1.get('code')}, 
msg='{s1.get('msg')}'")
    ~~~~~^^^^^^^^^^^^^^^^^^^^^^^^^^^^
^^^^^^^^^^^^^^^^^^^^^^^^^^^^^^^^^
  File "C:\Python314\Lib\encodings\cp
1252.py", line 19, in encode
    return codecs.charmap_encode(inpu
t,self.errors,encoding_table)[0]
           ~~~~~~~~~~~~~~~~~~~~~^^^^^
^^^^^^^^^^^^^^^^^^^^^^^^^^^^^
UnicodeEncodeError: 'charmap' codec 
can't encode character '\u2192' in 
position 10: character maps to 
<undefined>
            "album": {
              "name": ""
            }
          },
          "spotify": {
            "track": {
              "id": "0rY3tU0ZJmpYJsYuD8uPIa",
              "name": "Pepas cumbia wepa"
            },
            "artists": [
              {
                "name": "Dj pucho mastermix",
                "id": "3nrc5JjIe2DHpne2ru8R9M"
              }
            ],
            "album": {
              "name": "Pepas cumbia wepa",
              "id": "7GMVgzlwIKTfDcskP4KNSm"
            }
          }
        },
        "album": {
          "name": "Pepas cumbia wepa"
        },
        "duration_ms": 187000,
        "sample_begin_time_offset_ms": 0,
        "play_offset_ms": 14600
      }
    ]
  }
}

============================================================
DIAGNOSTIC SUMMARY
============================================================
